{
    "-profile test": {
        "content": [
            3,
            {
                "FETCH_EXPECTED_CHROMOSOMES": {
                    "curl": "8.7.1",
                    "jq": "1.8.1"
                },
                "VALIDATE_VEP_CACHE": {
                    "coreutils": 9.9
                },
                "VERIFY_TARBALL_CHECKSUM": {
                    "curl": "8.7.1"
                }
            },
            [
                "115_R64-1-1",
                "115_R64-1-1/saccharomyces_cerevisiae",
                "115_R64-1-1/saccharomyces_cerevisiae/115_R64-1-1",
                "115_R64-1-1/saccharomyces_cerevisiae/115_R64-1-1/I",
                "115_R64-1-1/saccharomyces_cerevisiae/115_R64-1-1/I/1-1000000.gz",
                "115_R64-1-1/saccharomyces_cerevisiae/115_R64-1-1/I/all_vars.gz",
                "115_R64-1-1/saccharomyces_cerevisiae/115_R64-1-1/I/all_vars.gz.csi",
                "115_R64-1-1/saccharomyces_cerevisiae/115_R64-1-1/II",
                "115_R64-1-1/saccharomyces_cerevisiae/115_R64-1-1/II/1-1000000.gz",
                "115_R64-1-1/saccharomyces_cerevisiae/115_R64-1-1/II/all_vars.gz",
                "115_R64-1-1/saccharomyces_cerevisiae/115_R64-1-1/II/all_vars.gz.csi",
                "115_R64-1-1/saccharomyces_cerevisiae/115_R64-1-1/III",
                "115_R64-1-1/saccharomyces_cerevisiae/115_R64-1-1/III/1-1000000.gz",
                "115_R64-1-1/saccharomyces_cerevisiae/115_R64-1-1/III/all_vars.gz",
                "115_R64-1-1/saccharomyces_cerevisiae/115_R64-1-1/III/all_vars.gz.csi",
                "115_R64-1-1/saccharomyces_cerevisiae/115_R64-1-1/IV",
                "115_R64-1-1/saccharomyces_cerevisiae/115_R64-1-1/IV/1-1000000.gz",
                "115_R64-1-1/saccharomyces_cerevisiae/115_R64-1-1/IV/1000001-2000000.gz",
                "115_R64-1-1/saccharomyces_cerevisiae/115_R64-1-1/IV/all_vars.gz",
                "115_R64-1-1/saccharomyces_cerevisiae/115_R64-1-1/IV/all_vars.gz.csi",
                "115_R64-1-1/saccharomyces_cerevisiae/115_R64-1-1/IX",
                "115_R64-1-1/saccharomyces_cerevisiae/115_R64-1-1/IX/1-1000000.gz",
                "115_R64-1-1/saccharomyces_cerevisiae/115_R64-1-1/IX/all_vars.gz",
                "115_R64-1-1/saccharomyces_cerevisiae/115_R64-1-1/IX/all_vars.gz.csi",
                "115_R64-1-1/saccharomyces_cerevisiae/115_R64-1-1/Mito",
                "115_R64-1-1/saccharomyces_cerevisiae/115_R64-1-1/Mito/1-1000000.gz",
                "115_R64-1-1/saccharomyces_cerevisiae/115_R64-1-1/Mito/all_vars.gz",
                "115_R64-1-1/saccharomyces_cerevisiae/115_R64-1-1/Mito/all_vars.gz.csi",
                "115_R64-1-1/saccharomyces_cerevisiae/115_R64-1-1/V",
                "115_R64-1-1/saccharomyces_cerevisiae/115_R64-1-1/V/1-1000000.gz",
                "115_R64-1-1/saccharomyces_cerevisiae/115_R64-1-1/V/all_vars.gz",
                "115_R64-1-1/saccharomyces_cerevisiae/115_R64-1-1/V/all_vars.gz.csi",
                "115_R64-1-1/saccharomyces_cerevisiae/115_R64-1-1/VI",
                "115_R64-1-1/saccharomyces_cerevisiae/115_R64-1-1/VI/1-1000000.gz",
                "115_R64-1-1/saccharomyces_cerevisiae/115_R64-1-1/VI/all_vars.gz",
                "115_R64-1-1/saccharomyces_cerevisiae/115_R64-1-1/VI/all_vars.gz.csi",
                "115_R64-1-1/saccharomyces_cerevisiae/115_R64-1-1/VII",
                "115_R64-1-1/saccharomyces_cerevisiae/115_R64-1-1/VII/1-1000000.gz",
                "115_R64-1-1/saccharomyces_cerevisiae/115_R64-1-1/VII/1000001-2000000.gz",
                "115_R64-1-1/saccharomyces_cerevisiae/115_R64-1-1/VII/all_vars.gz",
                "115_R64-1-1/saccharomyces_cerevisiae/115_R64-1-1/VII/all_vars.gz.csi",
                "115_R64-1-1/saccharomyces_cerevisiae/115_R64-1-1/VIII",
                "115_R64-1-1/saccharomyces_cerevisiae/115_R64-1-1/VIII/1-1000000.gz",
                "115_R64-1-1/saccharomyces_cerevisiae/115_R64-1-1/VIII/all_vars.gz",
                "115_R64-1-1/saccharomyces_cerevisiae/115_R64-1-1/VIII/all_vars.gz.csi",
                "115_R64-1-1/saccharomyces_cerevisiae/115_R64-1-1/X",
                "115_R64-1-1/saccharomyces_cerevisiae/115_R64-1-1/X/1-1000000.gz",
                "115_R64-1-1/saccharomyces_cerevisiae/115_R64-1-1/X/all_vars.gz",
                "115_R64-1-1/saccharomyces_cerevisiae/115_R64-1-1/X/all_vars.gz.csi",
                "115_R64-1-1/saccharomyces_cerevisiae/115_R64-1-1/XI",
                "115_R64-1-1/saccharomyces_cerevisiae/115_R64-1-1/XI/1-1000000.gz",
                "115_R64-1-1/saccharomyces_cerevisiae/115_R64-1-1/XI/all_vars.gz",
                "115_R64-1-1/saccharomyces_cerevisiae/115_R64-1-1/XI/all_vars.gz.csi",
                "115_R64-1-1/saccharomyces_cerevisiae/115_R64-1-1/XII",
                "115_R64-1-1/saccharomyces_cerevisiae/115_R64-1-1/XII/1-1000000.gz",
                "115_R64-1-1/saccharomyces_cerevisiae/115_R64-1-1/XII/1000001-2000000.gz",
                "115_R64-1-1/saccharomyces_cerevisiae/115_R64-1-1/XII/all_vars.gz",
                "115_R64-1-1/saccharomyces_cerevisiae/115_R64-1-1/XII/all_vars.gz.csi",
                "115_R64-1-1/saccharomyces_cerevisiae/115_R64-1-1/XIII",
                "115_R64-1-1/saccharomyces_cerevisiae/115_R64-1-1/XIII/1-1000000.gz",
                "115_R64-1-1/saccharomyces_cerevisiae/115_R64-1-1/XIII/all_vars.gz",
                "115_R64-1-1/saccharomyces_cerevisiae/115_R64-1-1/XIII/all_vars.gz.csi",
                "115_R64-1-1/saccharomyces_cerevisiae/115_R64-1-1/XIV",
                "115_R64-1-1/saccharomyces_cerevisiae/115_R64-1-1/XIV/1-1000000.gz",
                "115_R64-1-1/saccharomyces_cerevisiae/115_R64-1-1/XIV/all_vars.gz",
                "115_R64-1-1/saccharomyces_cerevisiae/115_R64-1-1/XIV/all_vars.gz.csi",
                "115_R64-1-1/saccharomyces_cerevisiae/115_R64-1-1/XV",
                "115_R64-1-1/saccharomyces_cerevisiae/115_R64-1-1/XV/1-1000000.gz",
                "115_R64-1-1/saccharomyces_cerevisiae/115_R64-1-1/XV/1000001-2000000.gz",
                "115_R64-1-1/saccharomyces_cerevisiae/115_R64-1-1/XV/all_vars.gz",
                "115_R64-1-1/saccharomyces_cerevisiae/115_R64-1-1/XV/all_vars.gz.csi",
                "115_R64-1-1/saccharomyces_cerevisiae/115_R64-1-1/XVI",
                "115_R64-1-1/saccharomyces_cerevisiae/115_R64-1-1/XVI/1-1000000.gz",
                "115_R64-1-1/saccharomyces_cerevisiae/115_R64-1-1/XVI/all_vars.gz",
                "115_R64-1-1/saccharomyces_cerevisiae/115_R64-1-1/XVI/all_vars.gz.csi",
                "115_R64-1-1/saccharomyces_cerevisiae/115_R64-1-1/chr_synonyms.txt",
                "115_R64-1-1/saccharomyces_cerevisiae/115_R64-1-1/info.txt",
                "manifest.md5",
                "pipeline_info",
                "pipeline_info/downloadvepcache_software_versions.yml",
                "versions.yml"
            ],
            [
                "1-1000000.gz:md5,27f1963e575d137aef71acdd5474c24d",
                "all_vars.gz:md5,2a9e4432681247dc6a3d5d2438a2c271",
                "all_vars.gz.csi:md5,49b70d5bf7783033a2a0601f933ce902",
                "1-1000000.gz:md5,e07e3e8ab14274029ef82a7dab10a6bf",
                "all_vars.gz:md5,ccae0609bbcfdeb4a7ece4246ffe6970",
                "all_vars.gz.csi:md5,355ed9a47860633e26ba53e7a772b232",
                "1-1000000.gz:md5,b0e5ddd7c508096b721acd5696e566c0",
                "all_vars.gz:md5,87d1bf4856767ef50744518308110582",
                "all_vars.gz.csi:md5,234bb5850e9525b69a72d73852979d67",
                "1-1000000.gz:md5,92401a911b4ad801caa16b514267bde7",
                "1000001-2000000.gz:md5,f01dcbe92988ddda78243249092dbd55",
                "all_vars.gz:md5,cb14a9add1c3f9c8471ffaab594e398f",
                "all_vars.gz.csi:md5,8201029e744d76f223f00755ebad4fc3",
                "1-1000000.gz:md5,9e9bb9424ca6bfb98b1ba371bc26820d",
                "all_vars.gz:md5,158c31cc0577b01720efde85b4324938",
                "all_vars.gz.csi:md5,736a9a1247b3e6d280c9e8413c194253",
                "1-1000000.gz:md5,11586d6ffaf8219e9caf9cb517ce78f7",
                "all_vars.gz:md5,942a37ab13caa4dfd94b8db774ebe234",
                "all_vars.gz.csi:md5,b4b85fd455969259e5ceec99d8ea4c04",
                "1-1000000.gz:md5,80c79a15b8d026072f914ce512c25d00",
                "all_vars.gz:md5,057aa77797bae7ad05300efc245025b7",
                "all_vars.gz.csi:md5,ac63a60937a2135e40fe88dc02adeddc",
                "1-1000000.gz:md5,429c8f4e3f8f881eabbce1590ab74d94",
                "all_vars.gz:md5,a07b0588e789d19d07e6e4576677d2ff",
                "all_vars.gz.csi:md5,74fa792fe7010e515411d7d3e10b6175",
                "1-1000000.gz:md5,ac03c76d1826473f143e94e53aac6efc",
                "1000001-2000000.gz:md5,4b7f76e62a32667eab1f5ea7fb6448cb",
                "all_vars.gz:md5,8f7ec543e69aca758734182dc07ae0ef",
                "all_vars.gz.csi:md5,6337e3309c07e1c9e4f8e9de130b2d14",
                "1-1000000.gz:md5,d703203518078918e178d57d5cea8935",
                "all_vars.gz:md5,38bd916dbee39610e2b5aeb894791818",
                "all_vars.gz.csi:md5,9557cbf7636bfba9c0d7916b9dd99e80",
                "1-1000000.gz:md5,3767e57035789a990f64110675b27a14",
                "all_vars.gz:md5,d182361183d0f8df7c859f7b1621302f",
                "all_vars.gz.csi:md5,3a9b535404972e6035e8937981d81ab2",
                "1-1000000.gz:md5,90f9af4f0b63c36250c26a9c3f3e312a",
                "all_vars.gz:md5,3d5c1b5e0830ca53b4c02a46359a23b4",
                "all_vars.gz.csi:md5,1e69bdf02861aca9d8e8ccfdba4ab29e",
                "1-1000000.gz:md5,a9ea25b455531516a5d0bfedec66effc",
                "1000001-2000000.gz:md5,b201d26bf8f16eaae7becfa91ba1d09a",
                "all_vars.gz:md5,a2b8854532c8c502b82dbff6b62b2f50",
                "all_vars.gz.csi:md5,3ac409cb6b41d71915ce8bb3710fb1ec",
                "1-1000000.gz:md5,5a3c171e1ea640d887d3914b3f898951",
                "all_vars.gz:md5,fc2ec163d5489a99327e7dbdc1b7ef6b",
                "all_vars.gz.csi:md5,9f9fd5ee1607e2b2c8a3c06d6c479ae4",
                "1-1000000.gz:md5,6b7d6beb7170f98c6f40b44861120b77",
                "all_vars.gz:md5,b9fa3f5f64a1234a23c784de2a9c1b54",
                "all_vars.gz.csi:md5,fbaafe5af1d14a09fbd7a33ae1a2a3fb",
                "1-1000000.gz:md5,9cf0a4755b7f6c51f005873d161709c7",
                "1000001-2000000.gz:md5,5639e9cb81d7b0c62496a99e2f4364b9",
                "all_vars.gz:md5,21a6f70070b9cb9102c279f6d7041bd6",
                "all_vars.gz.csi:md5,aea2eabdb1224a0b86d38454cecba8ae",
                "1-1000000.gz:md5,7100928336afca2bef7062e50ba415af",
                "all_vars.gz:md5,3b485cdcab9a3bf199da1c9a57c3b176",
                "all_vars.gz.csi:md5,6847a204cfce5b48e262928dd6f1a73e",
                "chr_synonyms.txt:md5,45fa25684bd8c6e6a4a64b6b67438ed0",
                "info.txt:md5,ad8b797af16f736a1e20d98774a6e2cc",
                "manifest.md5:md5,859afa8db72da252c2236b65b738c545",
                "versions.yml:md5,55775942ceee9ffadeb817919f6c46bd"
            ]
        ],
        "meta": {
            "nf-test": "0.9.2",
            "nextflow": "25.10.2"
        },
        "timestamp": "2026-02-11T15:02:01.821288"
    }
}